// Vitest Snapshot v1, https://vitest.dev/guide/snapshot.html

exports[`RefundRequestForm.vue > matches snapshot 1`] = `
"<div data-v-6eb9f862="">
  <v-card-stub data-v-6eb9f862="" loaderheight="4" tag="div" flat="true">
    <v-card-title-stub data-v-6eb9f862="" tag="div" class="card-title">
      <v-icon-stub data-v-6eb9f862="" color="link" class="pr-3"> mdi-file-document </v-icon-stub> Refund Request
    </v-card-title-stub>
    <v-card-text-stub data-v-6eb9f862="" tag="div" class="mt-5">
      <!---->
      <v-form-stub data-v-6eb9f862="">
        <v-row-stub data-v-6eb9f862="" tag="div" nogutters="true">
          <v-col-stub data-v-6eb9f862="" tag="div" class="col-12 col-sm-12 ">
            <v-row-stub data-v-6eb9f862="" tag="div">
              <v-col-stub data-v-6eb9f862="" tag="div" class="col-6 col-sm-3 font-weight-bold"> Refund Type </v-col-stub>
              <v-col-stub data-v-6eb9f862="" tag="div" class="col-6 col-sm-9">
                <v-radio-group-stub data-v-6eb9f862="" valuecomparator="[Function]" activeclass="v-item--active" tag="div" errorcount="1" errormessages="" messages="" rules="[Function]" successmessages="" backgroundcolor="" height="auto" hint="Partial Refunds not supported for payment method undefined invoices" persistenthint="true" column="true" class="ma-0">
                  <v-radio-stub data-v-6eb9f862="" ripple="true" label="Full Refund" officon="$radioOff" onicon="$radioOn" value="Full Refund"></v-radio-stub>
                  <v-radio-stub data-v-6eb9f862="" ripple="true" disabled="true" label="Partial Refund" officon="$radioOff" onicon="$radioOn" value="Partial Refund"></v-radio-stub>
                </v-radio-group-stub>
              </v-col-stub>
            </v-row-stub>
            <!---->
            <v-row-stub data-v-6eb9f862="" tag="div">
              <v-col-stub data-v-6eb9f862="" tag="div" class="col-6 col-sm-3 font-weight-bold"> Total Refund Amount </v-col-stub>
              <v-col-stub data-v-6eb9f862="" tag="div" class="col-6 col-sm-9"> $0.00 </v-col-stub>
            </v-row-stub>
            <v-row-stub data-v-6eb9f862="" tag="div">
              <v-col-stub data-v-6eb9f862="" tag="div" class="col-6 col-sm-3 font-weight-bold"> Refund Method </v-col-stub>
              <v-col-stub data-v-6eb9f862="" tag="div" class="col-6 col-sm-9">
                <v-select-stub data-v-6eb9f862="" errorcount="1" errormessages="" messages="" rules="[Function]" successmessages="" appendicon="$dropdown" backgroundcolor="" loaderheight="2" clearicon="$clear" filled="true" placeholder="Select a Refund Method" type="text" valuecomparator="[Function]" nodatatext="$vuetify.noDataText" items="" itemcolor="primary" itemdisabled="disabled" itemtext="text" itemvalue="value" menuprops="[object Object]" required=""></v-select-stub>
              </v-col-stub>
            </v-row-stub>
            <v-row-stub data-v-6eb9f862="" tag="div">
              <v-col-stub data-v-6eb9f862="" tag="div" class="col-6 col-sm-3 font-weight-bold"> Notification Email </v-col-stub>
              <v-col-stub data-v-6eb9f862="" tag="div" class="col-6 col-sm-9">
                <v-text-field-stub data-v-6eb9f862="" errorcount="1" errormessages="" messages="" rules="[Function]" successmessages="" backgroundcolor="" hint="Defaults to account email. Enter an email if missing, or to use a different address" persistenthint="true" loaderheight="2" clearicon="$clear" filled="true" type="email" required=""></v-text-field-stub>
              </v-col-stub>
            </v-row-stub>
            <v-row-stub data-v-6eb9f862="" tag="div">
              <v-col-stub data-v-6eb9f862="" tag="div" class="col-6 col-sm-3 font-weight-bold"> Reasons for Refund </v-col-stub>
              <v-col-stub data-v-6eb9f862="" tag="div" class="col-6 col-sm-9">
                <v-text-field-stub data-v-6eb9f862="" errorcount="1" errormessages="" messages="" rules="[Function]" successmessages="" backgroundcolor="" hint="The reason will be displayed in client's notification email when refund is approved" persistenthint="true" loaderheight="2" clearicon="$clear" filled="true" placeholder="Enter Reasons for Refund" type="text" required=""></v-text-field-stub>
              </v-col-stub>
            </v-row-stub>
            <v-row-stub data-v-6eb9f862="" tag="div">
              <v-col-stub data-v-6eb9f862="" tag="div" class="col-6 col-sm-3 font-weight-bold"> Staff Comment </v-col-stub>
              <v-col-stub data-v-6eb9f862="" tag="div" class="col-6 col-sm-9">
                <v-text-field-stub data-v-6eb9f862="" errorcount="1" errormessages="" messages="" rules="" successmessages="" backgroundcolor="" hint="Only viewable by staff" persistenthint="true" loaderheight="2" clearicon="$clear" filled="true" placeholder="Enter Staff Comment (Optional)" type="text" required=""></v-text-field-stub>
              </v-col-stub>
            </v-row-stub>
          </v-col-stub>
        </v-row-stub>
      </v-form-stub>
    </v-card-text-stub>
  </v-card-stub>
  <div data-v-6eb9f862="" class="d-flex justify-space-between flex-wrap">
    <v-btn-stub data-v-6eb9f862="" color="primary" outlined="true" tag="button" activeclass="" large="true" type="button" class="mt-10"><span data-v-6eb9f862="">Cancel</span></v-btn-stub>
    <v-btn-stub data-v-6eb9f862="" color="primary" tag="button" activeclass="" disabled="true" large="true" type="button" class="mt-10"><span data-v-6eb9f862="">Review and Confirm</span></v-btn-stub>
  </div>
</div>"
`;
