// Vitest Snapshot v1, https://vitest.dev/guide/snapshot.html

exports[`RefundReviewForm.vue > matches snapshot 1`] = `
"<div data-v-6c50169d="">
  <v-card-stub data-v-6c50169d="" loaderheight="4" tag="div" flat="true">
    <v-card-title-stub data-v-6c50169d="" tag="div" class="card-title">
      <v-icon-stub data-v-6c50169d="" color="link" class="pr-3"> mdi-file-document </v-icon-stub> Refund Request
    </v-card-title-stub>
    <v-card-text-stub data-v-6c50169d="" tag="div" class="mt-5">
      <v-row-stub data-v-6c50169d="" tag="div" nogutters="true">
        <v-col-stub data-v-6c50169d="" tag="div" class="col-12 col-sm-12 ">
          <v-row-stub data-v-6c50169d="" tag="div">
            <v-col-stub data-v-6c50169d="" tag="div" class="col-6 col-sm-3 font-weight-bold"> Refund Type </v-col-stub>
            <v-col-stub data-v-6c50169d="" tag="div" class="col-6 col-sm-9"> Full Refund </v-col-stub>
          </v-row-stub>
          <!---->
          <v-row-stub data-v-6c50169d="" tag="div">
            <v-col-stub data-v-6c50169d="" tag="div" class="col-6 col-sm-3 font-weight-bold"> Total Refund Amount </v-col-stub>
            <v-col-stub data-v-6c50169d="" tag="div" class="col-6 col-sm-9"> $250.00 </v-col-stub>
          </v-row-stub>
          <v-row-stub data-v-6c50169d="" tag="div">
            <v-col-stub data-v-6c50169d="" tag="div" class="col-6 col-sm-3 font-weight-bold"> Refund Method </v-col-stub>
            <v-col-stub data-v-6c50169d="" tag="div" class="col-6 col-sm-9"> Credit Card </v-col-stub>
          </v-row-stub>
          <v-divider-stub data-v-6c50169d="" class="my-6"></v-divider-stub>
          <v-row-stub data-v-6c50169d="" tag="div">
            <v-col-stub data-v-6c50169d="" tag="div" class="col-6 col-sm-3 font-weight-bold"> Notification Email </v-col-stub>
            <v-col-stub data-v-6c50169d="" tag="div" class="col-6 col-sm-9"> user@example.com </v-col-stub>
          </v-row-stub>
          <v-row-stub data-v-6c50169d="" tag="div">
            <v-col-stub data-v-6c50169d="" tag="div" class="col-6 col-sm-3 font-weight-bold"> Reason for Refund </v-col-stub>
            <v-col-stub data-v-6c50169d="" tag="div" class="col-6 col-sm-9"> Reason </v-col-stub>
          </v-row-stub>
          <v-row-stub data-v-6c50169d="" tag="div">
            <v-col-stub data-v-6c50169d="" tag="div" class="col-6 col-sm-3 font-weight-bold"> Staff Comment </v-col-stub>
            <v-col-stub data-v-6c50169d="" tag="div" class="col-6 col-sm-9"> Comment </v-col-stub>
          </v-row-stub>
          <v-row-stub data-v-6c50169d="" tag="div">
            <v-col-stub data-v-6c50169d="" tag="div" class="col-6 col-sm-3 font-weight-bold"> Requested By </v-col-stub>
            <v-col-stub data-v-6c50169d="" tag="div" class="col-6 col-sm-9"> Jane, Jan 02, 2025 3:04:05 AM </v-col-stub>
          </v-row-stub>
        </v-col-stub>
      </v-row-stub>
    </v-card-text-stub>
  </v-card-stub>
  <!---->
  <div data-v-6c50169d="" class="d-flex justify-space-between flex-wrap">
    <v-btn-stub data-v-6c50169d="" color="primary" outlined="true" tag="button" activeclass="" large="true" type="button" class="mt-10"><span data-v-6c50169d="">Cancel</span></v-btn-stub>
    <v-btn-stub data-v-6c50169d="" color="primary" tag="button" activeclass="" large="true" type="button" class="mt-10"><span data-v-6c50169d="">Submit Refund Request</span></v-btn-stub>
  </div>
</div>"
`;
