// Vitest Snapshot v1, https://vitest.dev/guide/snapshot.html

exports[`TransactionDetails.vue > matches snapshot 1`] = `
"<v-card-stub data-v-2bb8060d="" loaderheight="4" tag="div" flat="true">
  <v-card-title-stub data-v-2bb8060d="" tag="div" class="card-title">
    <v-icon-stub data-v-2bb8060d="" color="link" class="pr-3"> mdi-file-document </v-icon-stub> Transaction Details
  </v-card-title-stub>
  <v-card-text-stub data-v-2bb8060d="" tag="div" class="mt-5">
    <v-row-stub data-v-2bb8060d="" tag="div" nogutters="true">
      <v-col-stub data-v-2bb8060d="" tag="div" class="col-12 col-sm-12 ">
        <v-row-stub data-v-2bb8060d="" tag="div">
          <v-col-stub data-v-2bb8060d="" tag="div" class="col-6 col-sm-3 font-weight-bold"> Transaction Date </v-col-stub>
          <v-col-stub data-v-2bb8060d="" tag="div" class="col-6 col-sm-9"> Jan 02, 2025 </v-col-stub>
        </v-row-stub>
        <v-row-stub data-v-2bb8060d="" tag="div">
          <v-col-stub data-v-2bb8060d="" tag="div" class="col-6 col-sm-3 font-weight-bold"> Receipt </v-col-stub>
          <v-col-stub data-v-2bb8060d="" tag="div" class="col-6 col-sm-9">
            <div data-v-2bb8060d="" class="receipt">
              <v-icon-stub data-v-2bb8060d="" color="primary"> mdi-file-pdf-outline </v-icon-stub><span data-v-2bb8060d=""> Receipt </span>
            </div>
          </v-col-stub>
        </v-row-stub>
        <v-row-stub data-v-2bb8060d="" tag="div">
          <v-col-stub data-v-2bb8060d="" tag="div" class="col-12">
            <v-simple-table-stub data-v-2bb8060d="">
              <thead data-v-2bb8060d="">
                <tr data-v-2bb8060d="">
                  <th data-v-2bb8060d="" class="text-left"> Application </th>
                  <th data-v-2bb8060d="" class="text-left"> Type </th>
                  <th data-v-2bb8060d="" class="text-left"> Number </th>
                  <th data-v-2bb8060d="" class="text-left"> Detail </th>
                </tr>
              </thead>
              <tbody data-v-2bb8060d="">
                <tr data-v-2bb8060d="">
                  <td data-v-2bb8060d=""> Name Request </td>
                  <td data-v-2bb8060d=""> NR </td>
                  <td data-v-2bb8060d=""> NR 1234567 </td>
                  <td data-v-2bb8060d="">
                    <div data-v-2bb8060d=""> NR Number: NR_NUMBER </div>
                    <div data-v-2bb8060d=""> Name Choices: </div>
                  </td>
                </tr>
              </tbody>
            </v-simple-table-stub>
          </v-col-stub>
        </v-row-stub>
        <v-row-stub data-v-2bb8060d="" tag="div">
          <v-col-stub data-v-2bb8060d="" tag="div" class="col-6 col-sm-3 font-weight-bold py-0"> Identifier </v-col-stub>
        </v-row-stub>
        <v-row-stub data-v-2bb8060d="" tag="div">
          <v-col-stub data-v-2bb8060d="" tag="div" class="col-12">
            <v-simple-table-stub data-v-2bb8060d="">
              <thead data-v-2bb8060d="">
                <tr data-v-2bb8060d="">
                  <th data-v-2bb8060d="" class="text-left"> Transaction ID </th>
                  <th data-v-2bb8060d="" class="text-left"> Invoice Reference ID </th>
                </tr>
              </thead>
              <tbody data-v-2bb8060d="">
                <tr data-v-2bb8060d="">
                  <td data-v-2bb8060d=""> 1234 </td>
                  <td data-v-2bb8060d=""> INV-123 </td>
                </tr>
              </tbody>
            </v-simple-table-stub>
          </v-col-stub>
        </v-row-stub>
      </v-col-stub>
    </v-row-stub>
  </v-card-text-stub>
</v-card-stub>"
`;
